[
  {
    "id": 2,
    "file_path": "notes/2.md",
    "tags": null,
    "Score": 0.03306010928961749
  },
  {
    "id": 3,
    "file_path": "notes/3.md",
    "tags": null,
    "Score": 0.03252247488101534
  },
  {
    "id": 1,
    "file_path": "notes/1.md",
    "tags": null,
    "Score": 0.016666666666666666
  },
  {
    "id": 4,
    "file_path": "notes/4.md",
    "tags": null,
    "Score": 0.016129032258064516
  }
]