[
  {
    "ID": 2,
    "FilePath": "notes/2.md",
    "Title": null,
    "Type": null,
    "Source": null,
    "Context": null,
    "Status": null,
    "Tags": null,
    "Difficulty": null,
    "LeetcodeID": null,
    "Book": null,
    "Chapter": null,
    "NotionTaskID": null,
    "ContentText": null,
    "SearchText": null,
    "ContentHash": null,
    "GitCreatedAt": null,
    "GitUpdatedAt": null,
    "SyncedAt": null,
    "Score": 0.03306010928961749
  },
  {
    "ID": 3,
    "FilePath": "notes/3.md",
    "Title": null,
    "Type": null,
    "Source": null,
    "Context": null,
    "Status": null,
    "Tags": null,
    "Difficulty": null,
    "LeetcodeID": null,
    "Book": null,
    "Chapter": null,
    "NotionTaskID": null,
    "ContentText": null,
    "SearchText": null,
    "ContentHash": null,
    "GitCreatedAt": null,
    "GitUpdatedAt": null,
    "SyncedAt": null,
    "Score": 0.03252247488101534
  },
  {
    "ID": 1,
    "FilePath": "notes/1.md",
    "Title": null,
    "Type": null,
    "Source": null,
    "Context": null,
    "Status": null,
    "Tags": null,
    "Difficulty": null,
    "LeetcodeID": null,
    "Book": null,
    "Chapter": null,
    "NotionTaskID": null,
    "ContentText": null,
    "SearchText": null,
    "ContentHash": null,
    "GitCreatedAt": null,
    "GitUpdatedAt": null,
    "SyncedAt": null,
    "Score": 0.016666666666666666
  },
  {
    "ID": 4,
    "FilePath": "notes/4.md",
    "Title": null,
    "Type": null,
    "Source": null,
    "Context": null,
    "Status": null,
    "Tags": null,
    "Difficulty": null,
    "LeetcodeID": null,
    "Book": null,
    "Chapter": null,
    "NotionTaskID": null,
    "ContentText": null,
    "SearchText": null,
    "ContentHash": null,
    "GitCreatedAt": null,
    "GitUpdatedAt": null,
    "SyncedAt": null,
    "Score": 0.016129032258064516
  }
]